model= load_model(scheme_CO)
experiment= create_experiment(experiment_structure= [({(20,50,0.0)},{(300,50,10.0)})],frequency_of_sampling= 50e3,initial_agonist= 0.0,initial_time= 0.0)
observations= set_observations(values_set= [(0,0,0,0)])
par_10_0005= create_parameters(model= model,parameters_info= [({(on,Log10,10)},{(off,Log10,100)},{(unitary_current,Log10,1)},{(Current_Noise,Log10,0.00005)},{(Current_Baseline,Log10,1)},{(Num_ch_mean,Log10,10)})])
tr_10_0005= get_standard_parameter_transformed_values(par_10_0005)
sim_10_0005= simulate_with_sub_intervals(model= model,parameters= tr_10_0005,experiment= experiment,observations= observations,number_of_substeps= 50,seed= 20260829)
file_10_0005= write_csv(experiment= experiment,simulation= sim_10_0005,number_of_substates= 50,path= figures/data/figure_6_traces/trace_nch_10_S_0.005)
par_10_01= create_parameters(model= model,parameters_info= [({(on,Log10,10)},{(off,Log10,100)},{(unitary_current,Log10,1)},{(Current_Noise,Log10,0.001)},{(Current_Baseline,Log10,1)},{(Num_ch_mean,Log10,10)})])
tr_10_01= get_standard_parameter_transformed_values(par_10_01)
sim_10_01= simulate_with_sub_intervals(model= model,parameters= tr_10_01,experiment= experiment,observations= observations,number_of_substeps= 50,seed= 20260829)
file_10_01= write_csv(experiment= experiment,simulation= sim_10_01,number_of_substates= 50,path= figures/data/figure_6_traces/trace_nch_10_S_0.1)
par_10_1= create_parameters(model= model,parameters_info= [({(on,Log10,10)},{(off,Log10,100)},{(unitary_current,Log10,1)},{(Current_Noise,Log10,0.01)},{(Current_Baseline,Log10,1)},{(Num_ch_mean,Log10,10)})])
tr_10_1= get_standard_parameter_transformed_values(par_10_1)
sim_10_1= simulate_with_sub_intervals(model= model,parameters= tr_10_1,experiment= experiment,observations= observations,number_of_substeps= 50,seed= 20260829)
file_10_1= write_csv(experiment= experiment,simulation= sim_10_1,number_of_substates= 50,path= figures/data/figure_6_traces/trace_nch_10_S_1)
par_100_0005= create_parameters(model= model,parameters_info= [({(on,Log10,10)},{(off,Log10,100)},{(unitary_current,Log10,1)},{(Current_Noise,Log10,0.00005)},{(Current_Baseline,Log10,1)},{(Num_ch_mean,Log10,100)})])
tr_100_0005= get_standard_parameter_transformed_values(par_100_0005)
sim_100_0005= simulate_with_sub_intervals(model= model,parameters= tr_100_0005,experiment= experiment,observations= observations,number_of_substeps= 50,seed= 20260829)
file_100_0005= write_csv(experiment= experiment,simulation= sim_100_0005,number_of_substates= 50,path= figures/data/figure_6_traces/trace_nch_100_S_0.005)
par_100_01= create_parameters(model= model,parameters_info= [({(on,Log10,10)},{(off,Log10,100)},{(unitary_current,Log10,1)},{(Current_Noise,Log10,0.001)},{(Current_Baseline,Log10,1)},{(Num_ch_mean,Log10,100)})])
tr_100_01= get_standard_parameter_transformed_values(par_100_01)
sim_100_01= simulate_with_sub_intervals(model= model,parameters= tr_100_01,experiment= experiment,observations= observations,number_of_substeps= 50,seed= 20260829)
file_100_01= write_csv(experiment= experiment,simulation= sim_100_01,number_of_substates= 50,path= figures/data/figure_6_traces/trace_nch_100_S_0.1)
par_100_1= create_parameters(model= model,parameters_info= [({(on,Log10,10)},{(off,Log10,100)},{(unitary_current,Log10,1)},{(Current_Noise,Log10,0.01)},{(Current_Baseline,Log10,1)},{(Num_ch_mean,Log10,100)})])
tr_100_1= get_standard_parameter_transformed_values(par_100_1)
sim_100_1= simulate_with_sub_intervals(model= model,parameters= tr_100_1,experiment= experiment,observations= observations,number_of_substeps= 50,seed= 20260829)
file_100_1= write_csv(experiment= experiment,simulation= sim_100_1,number_of_substates= 50,path= figures/data/figure_6_traces/trace_nch_100_S_1)

 [unfomatted]
model = load_model("scheme_CO")
experiment = create_experiment(experiment_structure = [{20, 50, 0.0}, {300, 50, 10.0}],
   frequency_of_sampling = 50e3, initial_agonist = 0.0, initial_time = 0.0)
observations = set_observations(values_set = [0,0,0,0])
par_10_0005 = create_parameters(model = model, parameters_info = [{"on","Log10",10},{"off","Log10",100},{"unitary_current","Log10",1},{"Current_Noise","Log10",0.00005},{"Current_Baseline","Log10",1},{"Num_ch_mean","Log10",10}])
tr_10_0005 = get_standard_parameter_transformed_values(par_10_0005)
sim_10_0005 = simulate_with_sub_intervals(model = model, parameters = tr_10_0005, experiment = experiment, observations = observations, number_of_substeps = 50, seed = 20260829)
file_10_0005 = write_csv(experiment = experiment, simulation = sim_10_0005, number_of_substates = 50, path = "figures/data/figure_6_traces/trace_nch_10_S_0.005")
par_10_01 = create_parameters(model = model, parameters_info = [{"on","Log10",10},{"off","Log10",100},{"unitary_current","Log10",1},{"Current_Noise","Log10",0.001},{"Current_Baseline","Log10",1},{"Num_ch_mean","Log10",10}])
tr_10_01 = get_standard_parameter_transformed_values(par_10_01)
sim_10_01 = simulate_with_sub_intervals(model = model, parameters = tr_10_01, experiment = experiment, observations = observations, number_of_substeps = 50, seed = 20260829)
file_10_01 = write_csv(experiment = experiment, simulation = sim_10_01, number_of_substates = 50, path = "figures/data/figure_6_traces/trace_nch_10_S_0.1")
par_10_1 = create_parameters(model = model, parameters_info = [{"on","Log10",10},{"off","Log10",100},{"unitary_current","Log10",1},{"Current_Noise","Log10",0.01},{"Current_Baseline","Log10",1},{"Num_ch_mean","Log10",10}])
tr_10_1 = get_standard_parameter_transformed_values(par_10_1)
sim_10_1 = simulate_with_sub_intervals(model = model, parameters = tr_10_1, experiment = experiment, observations = observations, number_of_substeps = 50, seed = 20260829)
file_10_1 = write_csv(experiment = experiment, simulation = sim_10_1, number_of_substates = 50, path = "figures/data/figure_6_traces/trace_nch_10_S_1")
par_100_0005 = create_parameters(model = model, parameters_info = [{"on","Log10",10},{"off","Log10",100},{"unitary_current","Log10",1},{"Current_Noise","Log10",0.00005},{"Current_Baseline","Log10",1},{"Num_ch_mean","Log10",100}])
tr_100_0005 = get_standard_parameter_transformed_values(par_100_0005)
sim_100_0005 = simulate_with_sub_intervals(model = model, parameters = tr_100_0005, experiment = experiment, observations = observations, number_of_substeps = 50, seed = 20260829)
file_100_0005 = write_csv(experiment = experiment, simulation = sim_100_0005, number_of_substates = 50, path = "figures/data/figure_6_traces/trace_nch_100_S_0.005")
par_100_01 = create_parameters(model = model, parameters_info = [{"on","Log10",10},{"off","Log10",100},{"unitary_current","Log10",1},{"Current_Noise","Log10",0.001},{"Current_Baseline","Log10",1},{"Num_ch_mean","Log10",100}])
tr_100_01 = get_standard_parameter_transformed_values(par_100_01)
sim_100_01 = simulate_with_sub_intervals(model = model, parameters = tr_100_01, experiment = experiment, observations = observations, number_of_substeps = 50, seed = 20260829)
file_100_01 = write_csv(experiment = experiment, simulation = sim_100_01, number_of_substates = 50, path = "figures/data/figure_6_traces/trace_nch_100_S_0.1")
par_100_1 = create_parameters(model = model, parameters_info = [{"on","Log10",10},{"off","Log10",100},{"unitary_current","Log10",1},{"Current_Noise","Log10",0.01},{"Current_Baseline","Log10",1},{"Num_ch_mean","Log10",100}])
tr_100_1 = get_standard_parameter_transformed_values(par_100_1)
sim_100_1 = simulate_with_sub_intervals(model = model, parameters = tr_100_1, experiment = experiment, observations = observations, number_of_substeps = 50, seed = 20260829)
file_100_1 = write_csv(experiment = experiment, simulation = sim_100_1, number_of_substates = 50, path = "figures/data/figure_6_traces/trace_nch_100_S_1")

model= load_model(scheme_CO)
experiment= create_experiment(experiment_structure= [({(20,50,0.0)},{(300,50,10.0)})],frequency_of_sampling= 50e3,initial_agonist= 0.0,initial_time= 0.0)
observations= set_observations(values_set= [(0,0,0,0)])
par_10_0005= create_parameters(model= model,parameters_info= [({(on,Log10,10)},{(off,Log10,100)},{(unitary_current,Log10,1)},{(Current_Noise,Log10,0.00005)},{(Current_Baseline,Log10,1)},{(Num_ch_mean,Log10,10)})])
tr_10_0005= get_standard_parameter_transformed_values(par_10_0005)
sim_10_0005= simulate_with_sub_intervals(model= model,parameters= tr_10_0005,experiment= experiment,observations= observations,number_of_substeps= 50,seed= 20260829)
file_10_0005= write_csv(experiment= experiment,simulation= sim_10_0005,number_of_substates= 50,path= figures/data/figure_6_traces/trace_nch_10_S_0.005)
par_10_01= create_parameters(model= model,parameters_info= [({(on,Log10,10)},{(off,Log10,100)},{(unitary_current,Log10,1)},{(Current_Noise,Log10,0.001)},{(Current_Baseline,Log10,1)},{(Num_ch_mean,Log10,10)})])
tr_10_01= get_standard_parameter_transformed_values(par_10_01)
sim_10_01= simulate_with_sub_intervals(model= model,parameters= tr_10_01,experiment= experiment,observations= observations,number_of_substeps= 50,seed= 20260829)
file_10_01= write_csv(experiment= experiment,simulation= sim_10_01,number_of_substates= 50,path= figures/data/figure_6_traces/trace_nch_10_S_0.1)
par_10_1= create_parameters(model= model,parameters_info= [({(on,Log10,10)},{(off,Log10,100)},{(unitary_current,Log10,1)},{(Current_Noise,Log10,0.01)},{(Current_Baseline,Log10,1)},{(Num_ch_mean,Log10,10)})])
tr_10_1= get_standard_parameter_transformed_values(par_10_1)
sim_10_1= simulate_with_sub_intervals(model= model,parameters= tr_10_1,experiment= experiment,observations= observations,number_of_substeps= 50,seed= 20260829)
file_10_1= write_csv(experiment= experiment,simulation= sim_10_1,number_of_substates= 50,path= figures/data/figure_6_traces/trace_nch_10_S_1)
par_100_0005= create_parameters(model= model,parameters_info= [({(on,Log10,10)},{(off,Log10,100)},{(unitary_current,Log10,1)},{(Current_Noise,Log10,0.00005)},{(Current_Baseline,Log10,1)},{(Num_ch_mean,Log10,100)})])
tr_100_0005= get_standard_parameter_transformed_values(par_100_0005)
sim_100_0005= simulate_with_sub_intervals(model= model,parameters= tr_100_0005,experiment= experiment,observations= observations,number_of_substeps= 50,seed= 20260829)
file_100_0005= write_csv(experiment= experiment,simulation= sim_100_0005,number_of_substates= 50,path= figures/data/figure_6_traces/trace_nch_100_S_0.005)
par_100_01= create_parameters(model= model,parameters_info= [({(on,Log10,10)},{(off,Log10,100)},{(unitary_current,Log10,1)},{(Current_Noise,Log10,0.001)},{(Current_Baseline,Log10,1)},{(Num_ch_mean,Log10,100)})])
tr_100_01= get_standard_parameter_transformed_values(par_100_01)
sim_100_01= simulate_with_sub_intervals(model= model,parameters= tr_100_01,experiment= experiment,observations= observations,number_of_substeps= 50,seed= 20260829)
file_100_01= write_csv(experiment= experiment,simulation= sim_100_01,number_of_substates= 50,path= figures/data/figure_6_traces/trace_nch_100_S_0.1)
par_100_1= create_parameters(model= model,parameters_info= [({(on,Log10,10)},{(off,Log10,100)},{(unitary_current,Log10,1)},{(Current_Noise,Log10,0.01)},{(Current_Baseline,Log10,1)},{(Num_ch_mean,Log10,100)})])
tr_100_1= get_standard_parameter_transformed_values(par_100_1)
sim_100_1= simulate_with_sub_intervals(model= model,parameters= tr_100_1,experiment= experiment,observations= observations,number_of_substeps= 50,seed= 20260829)
file_100_1= write_csv(experiment= experiment,simulation= sim_100_1,number_of_substates= 50,path= figures/data/figure_6_traces/trace_nch_100_S_1)
